Archive member included because of file (symbol)

c:/ac6/systemworkbench/plugins/fr.ac6.mcu.externaltools.arm-none.win32_1.0.0.201410081102/tools/compiler/bin/../lib/gcc/arm-none-eabi/4.8.4/armv6-m\libgcc.a(_udivsi3.o)
                              ./Drivers/STM32F0xx_HAL_Driver/stm32f0xx_hal.o (__aeabi_uidiv)
c:/ac6/systemworkbench/plugins/fr.ac6.mcu.externaltools.arm-none.win32_1.0.0.201410081102/tools/compiler/bin/../lib/gcc/arm-none-eabi/4.8.4/armv6-m\libgcc.a(_dvmd_tls.o)
                              c:/ac6/systemworkbench/plugins/fr.ac6.mcu.externaltools.arm-none.win32_1.0.0.201410081102/tools/compiler/bin/../lib/gcc/arm-none-eabi/4.8.4/armv6-m\libgcc.a(_udivsi3.o) (__aeabi_idiv0)
c:/ac6/systemworkbench/plugins/fr.ac6.mcu.externaltools.arm-none.win32_1.0.0.201410081102/tools/compiler/bin/../lib/gcc/arm-none-eabi/4.8.4/../../../../arm-none-eabi/lib/armv6-m\libc.a(lib_a-errno.o)
                              ./user/syscalls.o (__errno)
c:/ac6/systemworkbench/plugins/fr.ac6.mcu.externaltools.arm-none.win32_1.0.0.201410081102/tools/compiler/bin/../lib/gcc/arm-none-eabi/4.8.4/../../../../arm-none-eabi/lib/armv6-m\libc.a(lib_a-exit.o)
                              c:/ac6/systemworkbench/plugins/fr.ac6.mcu.externaltools.arm-none.win32_1.0.0.201410081102/tools/compiler/bin/../lib/gcc/arm-none-eabi/4.8.4/../../../../arm-none-eabi/lib/armv6-m/crt0.o (exit)
c:/ac6/systemworkbench/plugins/fr.ac6.mcu.externaltools.arm-none.win32_1.0.0.201410081102/tools/compiler/bin/../lib/gcc/arm-none-eabi/4.8.4/../../../../arm-none-eabi/lib/armv6-m\libc.a(lib_a-impure.o)
                              c:/ac6/systemworkbench/plugins/fr.ac6.mcu.externaltools.arm-none.win32_1.0.0.201410081102/tools/compiler/bin/../lib/gcc/arm-none-eabi/4.8.4/../../../../arm-none-eabi/lib/armv6-m\libc.a(lib_a-exit.o) (_global_impure_ptr)
c:/ac6/systemworkbench/plugins/fr.ac6.mcu.externaltools.arm-none.win32_1.0.0.201410081102/tools/compiler/bin/../lib/gcc/arm-none-eabi/4.8.4/../../../../arm-none-eabi/lib/armv6-m\libc.a(lib_a-init.o)
                              c:/ac6/systemworkbench/plugins/fr.ac6.mcu.externaltools.arm-none.win32_1.0.0.201410081102/tools/compiler/bin/../lib/gcc/arm-none-eabi/4.8.4/../../../../arm-none-eabi/lib/armv6-m/crt0.o (__libc_init_array)
c:/ac6/systemworkbench/plugins/fr.ac6.mcu.externaltools.arm-none.win32_1.0.0.201410081102/tools/compiler/bin/../lib/gcc/arm-none-eabi/4.8.4/../../../../arm-none-eabi/lib/armv6-m\libc.a(lib_a-memset.o)
                              c:/ac6/systemworkbench/plugins/fr.ac6.mcu.externaltools.arm-none.win32_1.0.0.201410081102/tools/compiler/bin/../lib/gcc/arm-none-eabi/4.8.4/../../../../arm-none-eabi/lib/armv6-m/crt0.o (memset)
c:/ac6/systemworkbench/plugins/fr.ac6.mcu.externaltools.arm-none.win32_1.0.0.201410081102/tools/compiler/bin/../lib/gcc/arm-none-eabi/4.8.4/../../../../arm-none-eabi/lib/armv6-m\libc.a(lib_a-__call_atexit.o)
                              c:/ac6/systemworkbench/plugins/fr.ac6.mcu.externaltools.arm-none.win32_1.0.0.201410081102/tools/compiler/bin/../lib/gcc/arm-none-eabi/4.8.4/../../../../arm-none-eabi/lib/armv6-m\libc.a(lib_a-exit.o) (__call_exitprocs)
c:/ac6/systemworkbench/plugins/fr.ac6.mcu.externaltools.arm-none.win32_1.0.0.201410081102/tools/compiler/bin/../lib/gcc/arm-none-eabi/4.8.4/../../../../arm-none-eabi/lib/armv6-m\libc.a(lib_a-atexit.o)
                              c:/ac6/systemworkbench/plugins/fr.ac6.mcu.externaltools.arm-none.win32_1.0.0.201410081102/tools/compiler/bin/../lib/gcc/arm-none-eabi/4.8.4/../../../../arm-none-eabi/lib/armv6-m\libc.a(lib_a-__call_atexit.o) (atexit)
c:/ac6/systemworkbench/plugins/fr.ac6.mcu.externaltools.arm-none.win32_1.0.0.201410081102/tools/compiler/bin/../lib/gcc/arm-none-eabi/4.8.4/../../../../arm-none-eabi/lib/armv6-m\libc.a(lib_a-fini.o)
                              c:/ac6/systemworkbench/plugins/fr.ac6.mcu.externaltools.arm-none.win32_1.0.0.201410081102/tools/compiler/bin/../lib/gcc/arm-none-eabi/4.8.4/../../../../arm-none-eabi/lib/armv6-m\libc.a(lib_a-__call_atexit.o) (__libc_fini_array)
c:/ac6/systemworkbench/plugins/fr.ac6.mcu.externaltools.arm-none.win32_1.0.0.201410081102/tools/compiler/bin/../lib/gcc/arm-none-eabi/4.8.4/../../../../arm-none-eabi/lib/armv6-m\libc.a(lib_a-__atexit.o)
                              c:/ac6/systemworkbench/plugins/fr.ac6.mcu.externaltools.arm-none.win32_1.0.0.201410081102/tools/compiler/bin/../lib/gcc/arm-none-eabi/4.8.4/../../../../arm-none-eabi/lib/armv6-m\libc.a(lib_a-atexit.o) (__register_exitproc)

Allocating common symbols
Common symbol       size              file

pFlash              0x20              ./Drivers/STM32F0xx_HAL_Driver/stm32f0xx_hal_flash.o

Discarded input sections

 .text          0x00000000        0x0 c:/ac6/systemworkbench/plugins/fr.ac6.mcu.externaltools.arm-none.win32_1.0.0.201410081102/tools/compiler/bin/../lib/gcc/arm-none-eabi/4.8.4/armv6-m/crti.o
 .data          0x00000000        0x0 c:/ac6/systemworkbench/plugins/fr.ac6.mcu.externaltools.arm-none.win32_1.0.0.201410081102/tools/compiler/bin/../lib/gcc/arm-none-eabi/4.8.4/armv6-m/crti.o
 .bss           0x00000000        0x0 c:/ac6/systemworkbench/plugins/fr.ac6.mcu.externaltools.arm-none.win32_1.0.0.201410081102/tools/compiler/bin/../lib/gcc/arm-none-eabi/4.8.4/armv6-m/crti.o
 .data          0x00000000        0x4 c:/ac6/systemworkbench/plugins/fr.ac6.mcu.externaltools.arm-none.win32_1.0.0.201410081102/tools/compiler/bin/../lib/gcc/arm-none-eabi/4.8.4/armv6-m/crtbegin.o
 .text          0x00000000       0x78 c:/ac6/systemworkbench/plugins/fr.ac6.mcu.externaltools.arm-none.win32_1.0.0.201410081102/tools/compiler/bin/../lib/gcc/arm-none-eabi/4.8.4/../../../../arm-none-eabi/lib/armv6-m/crt0.o
 .data          0x00000000        0x0 c:/ac6/systemworkbench/plugins/fr.ac6.mcu.externaltools.arm-none.win32_1.0.0.201410081102/tools/compiler/bin/../lib/gcc/arm-none-eabi/4.8.4/../../../../arm-none-eabi/lib/armv6-m/crt0.o
 .bss           0x00000000        0x0 c:/ac6/systemworkbench/plugins/fr.ac6.mcu.externaltools.arm-none.win32_1.0.0.201410081102/tools/compiler/bin/../lib/gcc/arm-none-eabi/4.8.4/../../../../arm-none-eabi/lib/armv6-m/crt0.o
 .ARM.extab     0x00000000        0x0 c:/ac6/systemworkbench/plugins/fr.ac6.mcu.externaltools.arm-none.win32_1.0.0.201410081102/tools/compiler/bin/../lib/gcc/arm-none-eabi/4.8.4/../../../../arm-none-eabi/lib/armv6-m/crt0.o
 .ARM.exidx     0x00000000        0x8 c:/ac6/systemworkbench/plugins/fr.ac6.mcu.externaltools.arm-none.win32_1.0.0.201410081102/tools/compiler/bin/../lib/gcc/arm-none-eabi/4.8.4/../../../../arm-none-eabi/lib/armv6-m/crt0.o
 .ARM.attributes
                0x00000000       0x1b c:/ac6/systemworkbench/plugins/fr.ac6.mcu.externaltools.arm-none.win32_1.0.0.201410081102/tools/compiler/bin/../lib/gcc/arm-none-eabi/4.8.4/../../../../arm-none-eabi/lib/armv6-m/crt0.o
 .text          0x00000000        0x0 ./user/syscalls.o
 .data          0x00000000        0x4 ./user/syscalls.o
 .bss           0x00000000        0x8 ./user/syscalls.o
 .text.initialise_monitor_handles
                0x00000000        0x8 ./user/syscalls.o
 .text._getpid  0x00000000        0xc ./user/syscalls.o
 .text._kill    0x00000000       0x20 ./user/syscalls.o
 .text._exit    0x00000000       0x18 ./user/syscalls.o
 .text._read    0x00000000       0x3c ./user/syscalls.o
 .text._write   0x00000000       0x38 ./user/syscalls.o
 .text._sbrk    0x00000000       0x58 ./user/syscalls.o
 .text._close   0x00000000       0x14 ./user/syscalls.o
 .text._fstat   0x00000000       0x1c ./user/syscalls.o
 .text._isatty  0x00000000       0x14 ./user/syscalls.o
 .text._lseek   0x00000000       0x18 ./user/syscalls.o
 .text._open    0x00000000       0x1c ./user/syscalls.o
 .text._wait    0x00000000       0x20 ./user/syscalls.o
 .text._unlink  0x00000000       0x20 ./user/syscalls.o
 .text._times   0x00000000       0x14 ./user/syscalls.o
 .text._stat    0x00000000       0x1c ./user/syscalls.o
 .text._link    0x00000000       0x20 ./user/syscalls.o
 .text._fork    0x00000000       0x18 ./user/syscalls.o
 .text._execve  0x00000000       0x24 ./user/syscalls.o
 .comment       0x00000000       0x71 ./user/syscalls.o
 .ARM.attributes
                0x00000000       0x31 ./user/syscalls.o
 .text          0x00000000        0x0 ./Drivers/STM32F0xx_HAL_Driver/stm32f0xx_hal.o
 .data          0x00000000        0x0 ./Drivers/STM32F0xx_HAL_Driver/stm32f0xx_hal.o
 .text.HAL_DeInit
                0x00000000       0x40 ./Drivers/STM32F0xx_HAL_Driver/stm32f0xx_hal.o
 .text.HAL_MspInit
                0x00000000        0x8 ./Drivers/STM32F0xx_HAL_Driver/stm32f0xx_hal.o
 .text.HAL_MspDeInit
                0x00000000        0x8 ./Drivers/STM32F0xx_HAL_Driver/stm32f0xx_hal.o
 .text.HAL_SuspendTick
                0x00000000       0x18 ./Drivers/STM32F0xx_HAL_Driver/stm32f0xx_hal.o
 .text.HAL_ResumeTick
                0x00000000       0x18 ./Drivers/STM32F0xx_HAL_Driver/stm32f0xx_hal.o
 .text.HAL_Delay
                0x00000000       0x2c ./Drivers/STM32F0xx_HAL_Driver/stm32f0xx_hal.o
 .text.HAL_GetHalVersion
                0x00000000       0x10 ./Drivers/STM32F0xx_HAL_Driver/stm32f0xx_hal.o
 .text.HAL_GetREVID
                0x00000000       0x14 ./Drivers/STM32F0xx_HAL_Driver/stm32f0xx_hal.o
 .text.HAL_GetDEVID
                0x00000000       0x18 ./Drivers/STM32F0xx_HAL_Driver/stm32f0xx_hal.o
 .text.HAL_EnableDBGStopMode
                0x00000000       0x18 ./Drivers/STM32F0xx_HAL_Driver/stm32f0xx_hal.o
 .text.HAL_DisableDBGStopMode
                0x00000000       0x18 ./Drivers/STM32F0xx_HAL_Driver/stm32f0xx_hal.o
 .text.HAL_EnableDBGStandbyMode
                0x00000000       0x18 ./Drivers/STM32F0xx_HAL_Driver/stm32f0xx_hal.o
 .text.HAL_DisableDBGStandbyMode
                0x00000000       0x18 ./Drivers/STM32F0xx_HAL_Driver/stm32f0xx_hal.o
 .text          0x00000000        0x0 ./Drivers/STM32F0xx_HAL_Driver/stm32f0xx_hal_cortex.o
 .data          0x00000000        0x0 ./Drivers/STM32F0xx_HAL_Driver/stm32f0xx_hal_cortex.o
 .bss           0x00000000        0x0 ./Drivers/STM32F0xx_HAL_Driver/stm32f0xx_hal_cortex.o
 .text.NVIC_EnableIRQ
                0x00000000       0x2c ./Drivers/STM32F0xx_HAL_Driver/stm32f0xx_hal_cortex.o
 .text.NVIC_DisableIRQ
                0x00000000       0x30 ./Drivers/STM32F0xx_HAL_Driver/stm32f0xx_hal_cortex.o
 .text.NVIC_GetPendingIRQ
                0x00000000       0x3c ./Drivers/STM32F0xx_HAL_Driver/stm32f0xx_hal_cortex.o
 .text.NVIC_SetPendingIRQ
                0x00000000       0x34 ./Drivers/STM32F0xx_HAL_Driver/stm32f0xx_hal_cortex.o
 .text.NVIC_ClearPendingIRQ
                0x00000000       0x34 ./Drivers/STM32F0xx_HAL_Driver/stm32f0xx_hal_cortex.o
 .text.NVIC_GetPriority
                0x00000000       0x78 ./Drivers/STM32F0xx_HAL_Driver/stm32f0xx_hal_cortex.o
 .text.NVIC_SystemReset
                0x00000000       0x1c ./Drivers/STM32F0xx_HAL_Driver/stm32f0xx_hal_cortex.o
 .text.HAL_NVIC_EnableIRQ
                0x00000000       0x20 ./Drivers/STM32F0xx_HAL_Driver/stm32f0xx_hal_cortex.o
 .text.HAL_NVIC_DisableIRQ
                0x00000000       0x20 ./Drivers/STM32F0xx_HAL_Driver/stm32f0xx_hal_cortex.o
 .text.HAL_NVIC_SystemReset
                0x00000000        0xc ./Drivers/STM32F0xx_HAL_Driver/stm32f0xx_hal_cortex.o
 .text.HAL_NVIC_GetPriority
                0x00000000       0x24 ./Drivers/STM32F0xx_HAL_Driver/stm32f0xx_hal_cortex.o
 .text.HAL_NVIC_SetPendingIRQ
                0x00000000       0x20 ./Drivers/STM32F0xx_HAL_Driver/stm32f0xx_hal_cortex.o
 .text.HAL_NVIC_GetPendingIRQ
                0x00000000       0x24 ./Drivers/STM32F0xx_HAL_Driver/stm32f0xx_hal_cortex.o
 .text.HAL_NVIC_ClearPendingIRQ
                0x00000000       0x20 ./Drivers/STM32F0xx_HAL_Driver/stm32f0xx_hal_cortex.o
 .text.HAL_SYSTICK_CLKSourceConfig
                0x00000000       0x34 ./Drivers/STM32F0xx_HAL_Driver/stm32f0xx_hal_cortex.o
 .text          0x00000000        0x0 ./Drivers/STM32F0xx_HAL_Driver/stm32f0xx_hal_dma.o
 .data          0x00000000        0x0 ./Drivers/STM32F0xx_HAL_Driver/stm32f0xx_hal_dma.o
 .bss           0x00000000        0x0 ./Drivers/STM32F0xx_HAL_Driver/stm32f0xx_hal_dma.o
 .text.HAL_DMA_Init
                0x00000000       0x80 ./Drivers/STM32F0xx_HAL_Driver/stm32f0xx_hal_dma.o
 .text.HAL_DMA_DeInit
                0x00000000      0x1dc ./Drivers/STM32F0xx_HAL_Driver/stm32f0xx_hal_dma.o
 .text.HAL_DMA_Start
                0x00000000       0x64 ./Drivers/STM32F0xx_HAL_Driver/stm32f0xx_hal_dma.o
 .text.HAL_DMA_Start_IT
                0x00000000       0x94 ./Drivers/STM32F0xx_HAL_Driver/stm32f0xx_hal_dma.o
 .text.HAL_DMA_Abort
                0x00000000       0x80 ./Drivers/STM32F0xx_HAL_Driver/stm32f0xx_hal_dma.o
 .text.HAL_DMA_PollForTransfer
                0x00000000      0x370 ./Drivers/STM32F0xx_HAL_Driver/stm32f0xx_hal_dma.o
 .text.HAL_DMA_IRQHandler
                0x00000000      0x3d4 ./Drivers/STM32F0xx_HAL_Driver/stm32f0xx_hal_dma.o
 .text.HAL_DMA_GetState
                0x00000000       0x18 ./Drivers/STM32F0xx_HAL_Driver/stm32f0xx_hal_dma.o
 .text.HAL_DMA_GetError
                0x00000000       0x14 ./Drivers/STM32F0xx_HAL_Driver/stm32f0xx_hal_dma.o
 .text.DMA_SetConfig
                0x00000000       0x48 ./Drivers/STM32F0xx_HAL_Driver/stm32f0xx_hal_dma.o
 .comment       0x00000000       0x71 ./Drivers/STM32F0xx_HAL_Driver/stm32f0xx_hal_dma.o
 .ARM.attributes
                0x00000000       0x31 ./Drivers/STM32F0xx_HAL_Driver/stm32f0xx_hal_dma.o
 .text          0x00000000        0x0 ./Drivers/STM32F0xx_HAL_Driver/stm32f0xx_hal_flash.o
 .data          0x00000000        0x0 ./Drivers/STM32F0xx_HAL_Driver/stm32f0xx_hal_flash.o
 .bss           0x00000000        0x0 ./Drivers/STM32F0xx_HAL_Driver/stm32f0xx_hal_flash.o
 .text.HAL_FLASH_Program
                0x00000000      0x134 ./Drivers/STM32F0xx_HAL_Driver/stm32f0xx_hal_flash.o
 .text.HAL_FLASH_Program_IT
                0x00000000       0xa0 ./Drivers/STM32F0xx_HAL_Driver/stm32f0xx_hal_flash.o
 .text.HAL_FLASH_IRQHandler
                0x00000000      0x1b4 ./Drivers/STM32F0xx_HAL_Driver/stm32f0xx_hal_flash.o
 .text.HAL_FLASH_EndOfOperationCallback
                0x00000000       0x10 ./Drivers/STM32F0xx_HAL_Driver/stm32f0xx_hal_flash.o
 .text.HAL_FLASH_OperationErrorCallback
                0x00000000       0x10 ./Drivers/STM32F0xx_HAL_Driver/stm32f0xx_hal_flash.o
 .text.HAL_FLASH_Unlock
                0x00000000       0x34 ./Drivers/STM32F0xx_HAL_Driver/stm32f0xx_hal_flash.o
 .text.HAL_FLASH_Lock
                0x00000000       0x1c ./Drivers/STM32F0xx_HAL_Driver/stm32f0xx_hal_flash.o
 .text.HAL_FLASH_OB_Unlock
                0x00000000       0x34 ./Drivers/STM32F0xx_HAL_Driver/stm32f0xx_hal_flash.o
 .text.HAL_FLASH_OB_Lock
                0x00000000       0x20 ./Drivers/STM32F0xx_HAL_Driver/stm32f0xx_hal_flash.o
 .text.HAL_FLASH_OB_Launch
                0x00000000       0x34 ./Drivers/STM32F0xx_HAL_Driver/stm32f0xx_hal_flash.o
 .text.HAL_FLASH_GetError
                0x00000000       0x14 ./Drivers/STM32F0xx_HAL_Driver/stm32f0xx_hal_flash.o
 .text.FLASH_PageErase
                0x00000000       0x3c ./Drivers/STM32F0xx_HAL_Driver/stm32f0xx_hal_flash.o
 .text.FLASH_Program_HalfWord
                0x00000000       0x38 ./Drivers/STM32F0xx_HAL_Driver/stm32f0xx_hal_flash.o
 .text.FLASH_WaitForLastOperation
                0x00000000       0x78 ./Drivers/STM32F0xx_HAL_Driver/stm32f0xx_hal_flash.o
 .text.FLASH_SetErrorCode
                0x00000000       0x44 ./Drivers/STM32F0xx_HAL_Driver/stm32f0xx_hal_flash.o
 .comment       0x00000000       0x71 ./Drivers/STM32F0xx_HAL_Driver/stm32f0xx_hal_flash.o
 .ARM.attributes
                0x00000000       0x31 ./Drivers/STM32F0xx_HAL_Driver/stm32f0xx_hal_flash.o
 COMMON         0x00000000       0x20 ./Drivers/STM32F0xx_HAL_Driver/stm32f0xx_hal_flash.o
 .text          0x00000000        0x0 ./Drivers/STM32F0xx_HAL_Driver/stm32f0xx_hal_flash_ex.o
 .data          0x00000000        0x0 ./Drivers/STM32F0xx_HAL_Driver/stm32f0xx_hal_flash_ex.o
 .bss           0x00000000        0x0 ./Drivers/STM32F0xx_HAL_Driver/stm32f0xx_hal_flash_ex.o
 .text.HAL_FLASHEx_Erase
                0x00000000       0xf0 ./Drivers/STM32F0xx_HAL_Driver/stm32f0xx_hal_flash_ex.o
 .text.HAL_FLASHEx_Erase_IT
                0x00000000       0x88 ./Drivers/STM32F0xx_HAL_Driver/stm32f0xx_hal_flash_ex.o
 .text.HAL_FLASHEx_OBErase
                0x00000000       0xc8 ./Drivers/STM32F0xx_HAL_Driver/stm32f0xx_hal_flash_ex.o
 .text.HAL_FLASHEx_OBProgram
                0x00000000       0xb0 ./Drivers/STM32F0xx_HAL_Driver/stm32f0xx_hal_flash_ex.o
 .text.HAL_FLASHEx_OBGetConfig
                0x00000000       0x38 ./Drivers/STM32F0xx_HAL_Driver/stm32f0xx_hal_flash_ex.o
 .text.FLASH_MassErase
                0x00000000       0x30 ./Drivers/STM32F0xx_HAL_Driver/stm32f0xx_hal_flash_ex.o
 .text.FLASH_OB_EnableWRP
                0x00000000      0x1a4 ./Drivers/STM32F0xx_HAL_Driver/stm32f0xx_hal_flash_ex.o
 .text.FLASH_OB_DisableWRP
                0x00000000      0x1a0 ./Drivers/STM32F0xx_HAL_Driver/stm32f0xx_hal_flash_ex.o
 .text.FLASH_OB_RDP_LevelConfig
                0x00000000       0x84 ./Drivers/STM32F0xx_HAL_Driver/stm32f0xx_hal_flash_ex.o
 .text.FLASH_OB_UserConfig
                0x00000000       0x8c ./Drivers/STM32F0xx_HAL_Driver/stm32f0xx_hal_flash_ex.o
 .text.FLASH_OB_ProgramData
                0x00000000       0x84 ./Drivers/STM32F0xx_HAL_Driver/stm32f0xx_hal_flash_ex.o
 .text.FLASH_OB_GetWRP
                0x00000000       0x14 ./Drivers/STM32F0xx_HAL_Driver/stm32f0xx_hal_flash_ex.o
 .text.FLASH_OB_GetRDP
                0x00000000       0x30 ./Drivers/STM32F0xx_HAL_Driver/stm32f0xx_hal_flash_ex.o
 .text.FLASH_OB_GetUser
                0x00000000       0x18 ./Drivers/STM32F0xx_HAL_Driver/stm32f0xx_hal_flash_ex.o
 .comment       0x00000000       0x71 ./Drivers/STM32F0xx_HAL_Driver/stm32f0xx_hal_flash_ex.o
 .ARM.attributes
                0x00000000       0x31 ./Drivers/STM32F0xx_HAL_Driver/stm32f0xx_hal_flash_ex.o
 .text          0x00000000        0x0 ./Drivers/STM32F0xx_HAL_Driver/stm32f0xx_hal_gpio.o
 .data          0x00000000        0x0 ./Drivers/STM32F0xx_HAL_Driver/stm32f0xx_hal_gpio.o
 .bss           0x00000000        0x0 ./Drivers/STM32F0xx_HAL_Driver/stm32f0xx_hal_gpio.o
 .text.HAL_GPIO_DeInit
                0x00000000      0x1cc ./Drivers/STM32F0xx_HAL_Driver/stm32f0xx_hal_gpio.o
 .text.HAL_GPIO_ReadPin
                0x00000000       0x3c ./Drivers/STM32F0xx_HAL_Driver/stm32f0xx_hal_gpio.o
 .text.HAL_GPIO_TogglePin
                0x00000000       0x24 ./Drivers/STM32F0xx_HAL_Driver/stm32f0xx_hal_gpio.o
 .text.HAL_GPIO_LockPin
                0x00000000       0x54 ./Drivers/STM32F0xx_HAL_Driver/stm32f0xx_hal_gpio.o
 .text.HAL_GPIO_EXTI_IRQHandler
                0x00000000       0x34 ./Drivers/STM32F0xx_HAL_Driver/stm32f0xx_hal_gpio.o
 .text.HAL_GPIO_EXTI_Callback
                0x00000000       0x14 ./Drivers/STM32F0xx_HAL_Driver/stm32f0xx_hal_gpio.o
 .text          0x00000000        0x0 ./Drivers/STM32F0xx_HAL_Driver/stm32f0xx_hal_pwr.o
 .data          0x00000000        0x0 ./Drivers/STM32F0xx_HAL_Driver/stm32f0xx_hal_pwr.o
 .bss           0x00000000        0x0 ./Drivers/STM32F0xx_HAL_Driver/stm32f0xx_hal_pwr.o
 .text.HAL_PWR_DeInit
                0x00000000       0x2c ./Drivers/STM32F0xx_HAL_Driver/stm32f0xx_hal_pwr.o
 .text.HAL_PWR_EnableBkUpAccess
                0x00000000       0x1c ./Drivers/STM32F0xx_HAL_Driver/stm32f0xx_hal_pwr.o
 .text.HAL_PWR_DisableBkUpAccess
                0x00000000       0x1c ./Drivers/STM32F0xx_HAL_Driver/stm32f0xx_hal_pwr.o
 .text.HAL_PWR_EnableWakeUpPin
                0x00000000       0x2c ./Drivers/STM32F0xx_HAL_Driver/stm32f0xx_hal_pwr.o
 .text.HAL_PWR_DisableWakeUpPin
                0x00000000       0x2c ./Drivers/STM32F0xx_HAL_Driver/stm32f0xx_hal_pwr.o
 .text.HAL_PWR_EnterSLEEPMode
                0x00000000       0x38 ./Drivers/STM32F0xx_HAL_Driver/stm32f0xx_hal_pwr.o
 .text.HAL_PWR_EnterSTOPMode
                0x00000000       0x68 ./Drivers/STM32F0xx_HAL_Driver/stm32f0xx_hal_pwr.o
 .text.HAL_PWR_EnterSTANDBYMode
                0x00000000       0x2c ./Drivers/STM32F0xx_HAL_Driver/stm32f0xx_hal_pwr.o
 .text.HAL_PWR_EnableSleepOnExit
                0x00000000       0x18 ./Drivers/STM32F0xx_HAL_Driver/stm32f0xx_hal_pwr.o
 .text.HAL_PWR_DisableSleepOnExit
                0x00000000       0x18 ./Drivers/STM32F0xx_HAL_Driver/stm32f0xx_hal_pwr.o
 .text.HAL_PWR_EnableSEVOnPend
                0x00000000       0x18 ./Drivers/STM32F0xx_HAL_Driver/stm32f0xx_hal_pwr.o
 .text.HAL_PWR_DisableSEVOnPend
                0x00000000       0x18 ./Drivers/STM32F0xx_HAL_Driver/stm32f0xx_hal_pwr.o
 .comment       0x00000000       0x71 ./Drivers/STM32F0xx_HAL_Driver/stm32f0xx_hal_pwr.o
 .ARM.attributes
                0x00000000       0x31 ./Drivers/STM32F0xx_HAL_Driver/stm32f0xx_hal_pwr.o
 .text          0x00000000        0x0 ./Drivers/STM32F0xx_HAL_Driver/stm32f0xx_hal_pwr_ex.o
 .data          0x00000000        0x0 ./Drivers/STM32F0xx_HAL_Driver/stm32f0xx_hal_pwr_ex.o
 .bss           0x00000000        0x0 ./Drivers/STM32F0xx_HAL_Driver/stm32f0xx_hal_pwr_ex.o
 .text.HAL_PWR_PVDConfig
                0x00000000       0xc4 ./Drivers/STM32F0xx_HAL_Driver/stm32f0xx_hal_pwr_ex.o
 .text.HAL_PWR_EnablePVD
                0x00000000       0x18 ./Drivers/STM32F0xx_HAL_Driver/stm32f0xx_hal_pwr_ex.o
 .text.HAL_PWR_DisablePVD
                0x00000000       0x18 ./Drivers/STM32F0xx_HAL_Driver/stm32f0xx_hal_pwr_ex.o
 .text.HAL_PWR_PVD_IRQHandler
                0x00000000       0x24 ./Drivers/STM32F0xx_HAL_Driver/stm32f0xx_hal_pwr_ex.o
 .text.HAL_PWR_PVDCallback
                0x00000000        0x8 ./Drivers/STM32F0xx_HAL_Driver/stm32f0xx_hal_pwr_ex.o
 .text.HAL_PWR_EnableVddio2Monitor
                0x00000000       0x28 ./Drivers/STM32F0xx_HAL_Driver/stm32f0xx_hal_pwr_ex.o
 .text.HAL_PWR_DisableVddio2Monitor
                0x00000000       0x30 ./Drivers/STM32F0xx_HAL_Driver/stm32f0xx_hal_pwr_ex.o
 .text.HAL_PWR_Vddio2Monitor_IRQHandler
                0x00000000       0x20 ./Drivers/STM32F0xx_HAL_Driver/stm32f0xx_hal_pwr_ex.o
 .text.HAL_PWR_Vddio2MonitorCallback
                0x00000000        0x8 ./Drivers/STM32F0xx_HAL_Driver/stm32f0xx_hal_pwr_ex.o
 .comment       0x00000000       0x71 ./Drivers/STM32F0xx_HAL_Driver/stm32f0xx_hal_pwr_ex.o
 .ARM.attributes
                0x00000000       0x31 ./Drivers/STM32F0xx_HAL_Driver/stm32f0xx_hal_pwr_ex.o
 .text          0x00000000        0x0 ./Drivers/STM32F0xx_HAL_Driver/stm32f0xx_hal_rcc.o
 .data          0x00000000        0x0 ./Drivers/STM32F0xx_HAL_Driver/stm32f0xx_hal_rcc.o
 .bss           0x00000000        0x0 ./Drivers/STM32F0xx_HAL_Driver/stm32f0xx_hal_rcc.o
 .text.HAL_RCC_DeInit
                0x00000000       0x60 ./Drivers/STM32F0xx_HAL_Driver/stm32f0xx_hal_rcc.o
 .text.HAL_RCC_OscConfig
                0x00000000       0x14 ./Drivers/STM32F0xx_HAL_Driver/stm32f0xx_hal_rcc.o
 .text.HAL_RCC_ClockConfig
                0x00000000       0x14 ./Drivers/STM32F0xx_HAL_Driver/stm32f0xx_hal_rcc.o
 .text.HAL_RCC_MCOConfig
                0x00000000       0x78 ./Drivers/STM32F0xx_HAL_Driver/stm32f0xx_hal_rcc.o
 .text.HAL_RCC_EnableCSS
                0x00000000       0x1c ./Drivers/STM32F0xx_HAL_Driver/stm32f0xx_hal_rcc.o
 .text.HAL_RCC_DisableCSS
                0x00000000       0x1c ./Drivers/STM32F0xx_HAL_Driver/stm32f0xx_hal_rcc.o
 .text.HAL_RCC_GetSysClockFreq
                0x00000000        0xc ./Drivers/STM32F0xx_HAL_Driver/stm32f0xx_hal_rcc.o
 .text.HAL_RCC_GetPCLK1Freq
                0x00000000       0x30 ./Drivers/STM32F0xx_HAL_Driver/stm32f0xx_hal_rcc.o
 .text.HAL_RCC_GetOscConfig
                0x00000000      0x12c ./Drivers/STM32F0xx_HAL_Driver/stm32f0xx_hal_rcc.o
 .text.HAL_RCC_GetClockConfig
                0x00000000       0x50 ./Drivers/STM32F0xx_HAL_Driver/stm32f0xx_hal_rcc.o
 .text.HAL_RCC_NMI_IRQHandler
                0x00000000       0x24 ./Drivers/STM32F0xx_HAL_Driver/stm32f0xx_hal_rcc.o
 .text.HAL_RCC_CCSCallback
                0x00000000        0x8 ./Drivers/STM32F0xx_HAL_Driver/stm32f0xx_hal_rcc.o
 .text          0x00000000        0x0 ./Drivers/STM32F0xx_HAL_Driver/stm32f0xx_hal_rcc_ex.o
 .data          0x00000000        0x0 ./Drivers/STM32F0xx_HAL_Driver/stm32f0xx_hal_rcc_ex.o
 .bss           0x00000000        0x0 ./Drivers/STM32F0xx_HAL_Driver/stm32f0xx_hal_rcc_ex.o
 .text.HAL_RCCEx_PeriphCLKConfig
                0x00000000      0x1a4 ./Drivers/STM32F0xx_HAL_Driver/stm32f0xx_hal_rcc_ex.o
 .text.HAL_RCCEx_GetPeriphCLKConfig
                0x00000000       0x90 ./Drivers/STM32F0xx_HAL_Driver/stm32f0xx_hal_rcc_ex.o
 .text.HAL_RCCEx_CRSConfig
                0x00000000       0xd0 ./Drivers/STM32F0xx_HAL_Driver/stm32f0xx_hal_rcc_ex.o
 .text.HAL_RCCEx_CRSSoftwareSynchronizationGenerate
                0x00000000       0x18 ./Drivers/STM32F0xx_HAL_Driver/stm32f0xx_hal_rcc_ex.o
 .text.HAL_RCCEx_CRSGetSynchronizationInfo
                0x00000000       0x48 ./Drivers/STM32F0xx_HAL_Driver/stm32f0xx_hal_rcc_ex.o
 .text.HAL_RCCEx_CRSWaitSynchronization
                0x00000000      0x100 ./Drivers/STM32F0xx_HAL_Driver/stm32f0xx_hal_rcc_ex.o
 .text          0x00000000        0x0 ./Drivers/CMSIS/system_stm32f0xx.o
 .bss           0x00000000        0x0 ./Drivers/CMSIS/system_stm32f0xx.o
 .text.SystemCoreClockUpdate
                0x00000000       0xfc ./Drivers/CMSIS/system_stm32f0xx.o
 .text          0x00000000        0x0 ./Application/User/main.o
 .data          0x00000000        0x0 ./Application/User/main.o
 .bss           0x00000000        0x0 ./Application/User/main.o
 .text          0x00000000        0x0 ./Application/User/stm32f0xx_hal_msp.o
 .data          0x00000000        0x0 ./Application/User/stm32f0xx_hal_msp.o
 .bss           0x00000000        0x0 ./Application/User/stm32f0xx_hal_msp.o
 .text          0x00000000        0x0 ./Application/User/stm32f0xx_it.o
 .data          0x00000000        0x0 ./Application/User/stm32f0xx_it.o
 .bss           0x00000000        0x0 ./Application/User/stm32f0xx_it.o
 .text          0x00000000       0x14 ./Application/SW4STM32/startup_stm32f072xb.o
 .data          0x00000000        0x0 ./Application/SW4STM32/startup_stm32f072xb.o
 .bss           0x00000000        0x0 ./Application/SW4STM32/startup_stm32f072xb.o
 .data          0x00000000        0x0 c:/ac6/systemworkbench/plugins/fr.ac6.mcu.externaltools.arm-none.win32_1.0.0.201410081102/tools/compiler/bin/../lib/gcc/arm-none-eabi/4.8.4/armv6-m\libgcc.a(_udivsi3.o)
 .bss           0x00000000        0x0 c:/ac6/systemworkbench/plugins/fr.ac6.mcu.externaltools.arm-none.win32_1.0.0.201410081102/tools/compiler/bin/../lib/gcc/arm-none-eabi/4.8.4/armv6-m\libgcc.a(_udivsi3.o)
 .data          0x00000000        0x0 c:/ac6/systemworkbench/plugins/fr.ac6.mcu.externaltools.arm-none.win32_1.0.0.201410081102/tools/compiler/bin/../lib/gcc/arm-none-eabi/4.8.4/armv6-m\libgcc.a(_dvmd_tls.o)
 .bss           0x00000000        0x0 c:/ac6/systemworkbench/plugins/fr.ac6.mcu.externaltools.arm-none.win32_1.0.0.201410081102/tools/compiler/bin/../lib/gcc/arm-none-eabi/4.8.4/armv6-m\libgcc.a(_dvmd_tls.o)
 .text          0x00000000        0x0 c:/ac6/systemworkbench/plugins/fr.ac6.mcu.externaltools.arm-none.win32_1.0.0.201410081102/tools/compiler/bin/../lib/gcc/arm-none-eabi/4.8.4/../../../../arm-none-eabi/lib/armv6-m\libc.a(lib_a-errno.o)
 .data          0x00000000        0x0 c:/ac6/systemworkbench/plugins/fr.ac6.mcu.externaltools.arm-none.win32_1.0.0.201410081102/tools/compiler/bin/../lib/gcc/arm-none-eabi/4.8.4/../../../../arm-none-eabi/lib/armv6-m\libc.a(lib_a-errno.o)
 .bss           0x00000000        0x0 c:/ac6/systemworkbench/plugins/fr.ac6.mcu.externaltools.arm-none.win32_1.0.0.201410081102/tools/compiler/bin/../lib/gcc/arm-none-eabi/4.8.4/../../../../arm-none-eabi/lib/armv6-m\libc.a(lib_a-errno.o)
 .text.__errno  0x00000000        0xc c:/ac6/systemworkbench/plugins/fr.ac6.mcu.externaltools.arm-none.win32_1.0.0.201410081102/tools/compiler/bin/../lib/gcc/arm-none-eabi/4.8.4/../../../../arm-none-eabi/lib/armv6-m\libc.a(lib_a-errno.o)
 .ARM.attributes
                0x00000000       0x2c c:/ac6/systemworkbench/plugins/fr.ac6.mcu.externaltools.arm-none.win32_1.0.0.201410081102/tools/compiler/bin/../lib/gcc/arm-none-eabi/4.8.4/../../../../arm-none-eabi/lib/armv6-m\libc.a(lib_a-errno.o)
 .debug_frame   0x00000000       0x20 c:/ac6/systemworkbench/plugins/fr.ac6.mcu.externaltools.arm-none.win32_1.0.0.201410081102/tools/compiler/bin/../lib/gcc/arm-none-eabi/4.8.4/../../../../arm-none-eabi/lib/armv6-m\libc.a(lib_a-errno.o)
 .text          0x00000000        0x0 c:/ac6/systemworkbench/plugins/fr.ac6.mcu.externaltools.arm-none.win32_1.0.0.201410081102/tools/compiler/bin/../lib/gcc/arm-none-eabi/4.8.4/../../../../arm-none-eabi/lib/armv6-m\libc.a(lib_a-exit.o)
 .data          0x00000000        0x0 c:/ac6/systemworkbench/plugins/fr.ac6.mcu.externaltools.arm-none.win32_1.0.0.201410081102/tools/compiler/bin/../lib/gcc/arm-none-eabi/4.8.4/../../../../arm-none-eabi/lib/armv6-m\libc.a(lib_a-exit.o)
 .bss           0x00000000        0x0 c:/ac6/systemworkbench/plugins/fr.ac6.mcu.externaltools.arm-none.win32_1.0.0.201410081102/tools/compiler/bin/../lib/gcc/arm-none-eabi/4.8.4/../../../../arm-none-eabi/lib/armv6-m\libc.a(lib_a-exit.o)
 .text.exit     0x00000000       0x20 c:/ac6/systemworkbench/plugins/fr.ac6.mcu.externaltools.arm-none.win32_1.0.0.201410081102/tools/compiler/bin/../lib/gcc/arm-none-eabi/4.8.4/../../../../arm-none-eabi/lib/armv6-m\libc.a(lib_a-exit.o)
 .ARM.attributes
                0x00000000       0x2c c:/ac6/systemworkbench/plugins/fr.ac6.mcu.externaltools.arm-none.win32_1.0.0.201410081102/tools/compiler/bin/../lib/gcc/arm-none-eabi/4.8.4/../../../../arm-none-eabi/lib/armv6-m\libc.a(lib_a-exit.o)
 .debug_frame   0x00000000       0x28 c:/ac6/systemworkbench/plugins/fr.ac6.mcu.externaltools.arm-none.win32_1.0.0.201410081102/tools/compiler/bin/../lib/gcc/arm-none-eabi/4.8.4/../../../../arm-none-eabi/lib/armv6-m\libc.a(lib_a-exit.o)
 .text          0x00000000        0x0 c:/ac6/systemworkbench/plugins/fr.ac6.mcu.externaltools.arm-none.win32_1.0.0.201410081102/tools/compiler/bin/../lib/gcc/arm-none-eabi/4.8.4/../../../../arm-none-eabi/lib/armv6-m\libc.a(lib_a-impure.o)
 .data          0x00000000        0x0 c:/ac6/systemworkbench/plugins/fr.ac6.mcu.externaltools.arm-none.win32_1.0.0.201410081102/tools/compiler/bin/../lib/gcc/arm-none-eabi/4.8.4/../../../../arm-none-eabi/lib/armv6-m\libc.a(lib_a-impure.o)
 .bss           0x00000000        0x0 c:/ac6/systemworkbench/plugins/fr.ac6.mcu.externaltools.arm-none.win32_1.0.0.201410081102/tools/compiler/bin/../lib/gcc/arm-none-eabi/4.8.4/../../../../arm-none-eabi/lib/armv6-m\libc.a(lib_a-impure.o)
 .data._impure_ptr
                0x00000000        0x4 c:/ac6/systemworkbench/plugins/fr.ac6.mcu.externaltools.arm-none.win32_1.0.0.201410081102/tools/compiler/bin/../lib/gcc/arm-none-eabi/4.8.4/../../../../arm-none-eabi/lib/armv6-m\libc.a(lib_a-impure.o)
 .text          0x00000000        0x0 c:/ac6/systemworkbench/plugins/fr.ac6.mcu.externaltools.arm-none.win32_1.0.0.201410081102/tools/compiler/bin/../lib/gcc/arm-none-eabi/4.8.4/../../../../arm-none-eabi/lib/armv6-m\libc.a(lib_a-init.o)
 .data          0x00000000        0x0 c:/ac6/systemworkbench/plugins/fr.ac6.mcu.externaltools.arm-none.win32_1.0.0.201410081102/tools/compiler/bin/../lib/gcc/arm-none-eabi/4.8.4/../../../../arm-none-eabi/lib/armv6-m\libc.a(lib_a-init.o)
 .bss           0x00000000        0x0 c:/ac6/systemworkbench/plugins/fr.ac6.mcu.externaltools.arm-none.win32_1.0.0.201410081102/tools/compiler/bin/../lib/gcc/arm-none-eabi/4.8.4/../../../../arm-none-eabi/lib/armv6-m\libc.a(lib_a-init.o)
 .text          0x00000000        0x0 c:/ac6/systemworkbench/plugins/fr.ac6.mcu.externaltools.arm-none.win32_1.0.0.201410081102/tools/compiler/bin/../lib/gcc/arm-none-eabi/4.8.4/../../../../arm-none-eabi/lib/armv6-m\libc.a(lib_a-memset.o)
 .data          0x00000000        0x0 c:/ac6/systemworkbench/plugins/fr.ac6.mcu.externaltools.arm-none.win32_1.0.0.201410081102/tools/compiler/bin/../lib/gcc/arm-none-eabi/4.8.4/../../../../arm-none-eabi/lib/armv6-m\libc.a(lib_a-memset.o)
 .bss           0x00000000        0x0 c:/ac6/systemworkbench/plugins/fr.ac6.mcu.externaltools.arm-none.win32_1.0.0.201410081102/tools/compiler/bin/../lib/gcc/arm-none-eabi/4.8.4/../../../../arm-none-eabi/lib/armv6-m\libc.a(lib_a-memset.o)
 .text.memset   0x00000000       0x9c c:/ac6/systemworkbench/plugins/fr.ac6.mcu.externaltools.arm-none.win32_1.0.0.201410081102/tools/compiler/bin/../lib/gcc/arm-none-eabi/4.8.4/../../../../arm-none-eabi/lib/armv6-m\libc.a(lib_a-memset.o)
 .ARM.attributes
                0x00000000       0x2c c:/ac6/systemworkbench/plugins/fr.ac6.mcu.externaltools.arm-none.win32_1.0.0.201410081102/tools/compiler/bin/../lib/gcc/arm-none-eabi/4.8.4/../../../../arm-none-eabi/lib/armv6-m\libc.a(lib_a-memset.o)
 .debug_frame   0x00000000       0x30 c:/ac6/systemworkbench/plugins/fr.ac6.mcu.externaltools.arm-none.win32_1.0.0.201410081102/tools/compiler/bin/../lib/gcc/arm-none-eabi/4.8.4/../../../../arm-none-eabi/lib/armv6-m\libc.a(lib_a-memset.o)
 .text          0x00000000        0x0 c:/ac6/systemworkbench/plugins/fr.ac6.mcu.externaltools.arm-none.win32_1.0.0.201410081102/tools/compiler/bin/../lib/gcc/arm-none-eabi/4.8.4/../../../../arm-none-eabi/lib/armv6-m\libc.a(lib_a-__call_atexit.o)
 .data          0x00000000        0x0 c:/ac6/systemworkbench/plugins/fr.ac6.mcu.externaltools.arm-none.win32_1.0.0.201410081102/tools/compiler/bin/../lib/gcc/arm-none-eabi/4.8.4/../../../../arm-none-eabi/lib/armv6-m\libc.a(lib_a-__call_atexit.o)
 .bss           0x00000000        0x0 c:/ac6/systemworkbench/plugins/fr.ac6.mcu.externaltools.arm-none.win32_1.0.0.201410081102/tools/compiler/bin/../lib/gcc/arm-none-eabi/4.8.4/../../../../arm-none-eabi/lib/armv6-m\libc.a(lib_a-__call_atexit.o)
 .text.__call_exitprocs
                0x00000000      0x118 c:/ac6/systemworkbench/plugins/fr.ac6.mcu.externaltools.arm-none.win32_1.0.0.201410081102/tools/compiler/bin/../lib/gcc/arm-none-eabi/4.8.4/../../../../arm-none-eabi/lib/armv6-m\libc.a(lib_a-__call_atexit.o)
 .text          0x00000000        0x0 c:/ac6/systemworkbench/plugins/fr.ac6.mcu.externaltools.arm-none.win32_1.0.0.201410081102/tools/compiler/bin/../lib/gcc/arm-none-eabi/4.8.4/../../../../arm-none-eabi/lib/armv6-m\libc.a(lib_a-atexit.o)
 .data          0x00000000        0x0 c:/ac6/systemworkbench/plugins/fr.ac6.mcu.externaltools.arm-none.win32_1.0.0.201410081102/tools/compiler/bin/../lib/gcc/arm-none-eabi/4.8.4/../../../../arm-none-eabi/lib/armv6-m\libc.a(lib_a-atexit.o)
 .bss           0x00000000        0x0 c:/ac6/systemworkbench/plugins/fr.ac6.mcu.externaltools.arm-none.win32_1.0.0.201410081102/tools/compiler/bin/../lib/gcc/arm-none-eabi/4.8.4/../../../../arm-none-eabi/lib/armv6-m\libc.a(lib_a-atexit.o)
 .text          0x00000000        0x0 c:/ac6/systemworkbench/plugins/fr.ac6.mcu.externaltools.arm-none.win32_1.0.0.201410081102/tools/compiler/bin/../lib/gcc/arm-none-eabi/4.8.4/../../../../arm-none-eabi/lib/armv6-m\libc.a(lib_a-fini.o)
 .data          0x00000000        0x0 c:/ac6/systemworkbench/plugins/fr.ac6.mcu.externaltools.arm-none.win32_1.0.0.201410081102/tools/compiler/bin/../lib/gcc/arm-none-eabi/4.8.4/../../../../arm-none-eabi/lib/armv6-m\libc.a(lib_a-fini.o)
 .bss           0x00000000        0x0 c:/ac6/systemworkbench/plugins/fr.ac6.mcu.externaltools.arm-none.win32_1.0.0.201410081102/tools/compiler/bin/../lib/gcc/arm-none-eabi/4.8.4/../../../../arm-none-eabi/lib/armv6-m\libc.a(lib_a-fini.o)
 .text          0x00000000        0x0 c:/ac6/systemworkbench/plugins/fr.ac6.mcu.externaltools.arm-none.win32_1.0.0.201410081102/tools/compiler/bin/../lib/gcc/arm-none-eabi/4.8.4/../../../../arm-none-eabi/lib/armv6-m\libc.a(lib_a-__atexit.o)
 .data          0x00000000        0x0 c:/ac6/systemworkbench/plugins/fr.ac6.mcu.externaltools.arm-none.win32_1.0.0.201410081102/tools/compiler/bin/../lib/gcc/arm-none-eabi/4.8.4/../../../../arm-none-eabi/lib/armv6-m\libc.a(lib_a-__atexit.o)
 .bss           0x00000000        0x0 c:/ac6/systemworkbench/plugins/fr.ac6.mcu.externaltools.arm-none.win32_1.0.0.201410081102/tools/compiler/bin/../lib/gcc/arm-none-eabi/4.8.4/../../../../arm-none-eabi/lib/armv6-m\libc.a(lib_a-__atexit.o)
 .text          0x00000000        0x0 c:/ac6/systemworkbench/plugins/fr.ac6.mcu.externaltools.arm-none.win32_1.0.0.201410081102/tools/compiler/bin/../lib/gcc/arm-none-eabi/4.8.4/armv6-m/crtend.o
 .data          0x00000000        0x0 c:/ac6/systemworkbench/plugins/fr.ac6.mcu.externaltools.arm-none.win32_1.0.0.201410081102/tools/compiler/bin/../lib/gcc/arm-none-eabi/4.8.4/armv6-m/crtend.o
 .bss           0x00000000        0x0 c:/ac6/systemworkbench/plugins/fr.ac6.mcu.externaltools.arm-none.win32_1.0.0.201410081102/tools/compiler/bin/../lib/gcc/arm-none-eabi/4.8.4/armv6-m/crtend.o
 .eh_frame      0x00000000        0x4 c:/ac6/systemworkbench/plugins/fr.ac6.mcu.externaltools.arm-none.win32_1.0.0.201410081102/tools/compiler/bin/../lib/gcc/arm-none-eabi/4.8.4/armv6-m/crtend.o
 .jcr           0x00000000        0x4 c:/ac6/systemworkbench/plugins/fr.ac6.mcu.externaltools.arm-none.win32_1.0.0.201410081102/tools/compiler/bin/../lib/gcc/arm-none-eabi/4.8.4/armv6-m/crtend.o
 .ARM.attributes
                0x00000000       0x2c c:/ac6/systemworkbench/plugins/fr.ac6.mcu.externaltools.arm-none.win32_1.0.0.201410081102/tools/compiler/bin/../lib/gcc/arm-none-eabi/4.8.4/armv6-m/crtend.o
 .text          0x00000000        0x0 c:/ac6/systemworkbench/plugins/fr.ac6.mcu.externaltools.arm-none.win32_1.0.0.201410081102/tools/compiler/bin/../lib/gcc/arm-none-eabi/4.8.4/armv6-m/crtn.o
 .data          0x00000000        0x0 c:/ac6/systemworkbench/plugins/fr.ac6.mcu.externaltools.arm-none.win32_1.0.0.201410081102/tools/compiler/bin/../lib/gcc/arm-none-eabi/4.8.4/armv6-m/crtn.o
 .bss           0x00000000        0x0 c:/ac6/systemworkbench/plugins/fr.ac6.mcu.externaltools.arm-none.win32_1.0.0.201410081102/tools/compiler/bin/../lib/gcc/arm-none-eabi/4.8.4/armv6-m/crtn.o

Memory Configuration

Name             Origin             Length             Attributes
FLASH            0x08000000         0x00020000         xr
RAM              0x20000000         0x00004000         xrw
*default*        0x00000000         0xffffffff

Linker script and memory map

LOAD c:/ac6/systemworkbench/plugins/fr.ac6.mcu.externaltools.arm-none.win32_1.0.0.201410081102/tools/compiler/bin/../lib/gcc/arm-none-eabi/4.8.4/armv6-m/crti.o
LOAD c:/ac6/systemworkbench/plugins/fr.ac6.mcu.externaltools.arm-none.win32_1.0.0.201410081102/tools/compiler/bin/../lib/gcc/arm-none-eabi/4.8.4/armv6-m/crtbegin.o
LOAD c:/ac6/systemworkbench/plugins/fr.ac6.mcu.externaltools.arm-none.win32_1.0.0.201410081102/tools/compiler/bin/../lib/gcc/arm-none-eabi/4.8.4/../../../../arm-none-eabi/lib/armv6-m/crt0.o
LOAD ./user/syscalls.o
LOAD ./Drivers/STM32F0xx_HAL_Driver/stm32f0xx_hal.o
LOAD ./Drivers/STM32F0xx_HAL_Driver/stm32f0xx_hal_cortex.o
LOAD ./Drivers/STM32F0xx_HAL_Driver/stm32f0xx_hal_dma.o
LOAD ./Drivers/STM32F0xx_HAL_Driver/stm32f0xx_hal_flash.o
LOAD ./Drivers/STM32F0xx_HAL_Driver/stm32f0xx_hal_flash_ex.o
LOAD ./Drivers/STM32F0xx_HAL_Driver/stm32f0xx_hal_gpio.o
LOAD ./Drivers/STM32F0xx_HAL_Driver/stm32f0xx_hal_pwr.o
LOAD ./Drivers/STM32F0xx_HAL_Driver/stm32f0xx_hal_pwr_ex.o
LOAD ./Drivers/STM32F0xx_HAL_Driver/stm32f0xx_hal_rcc.o
LOAD ./Drivers/STM32F0xx_HAL_Driver/stm32f0xx_hal_rcc_ex.o
LOAD ./Drivers/CMSIS/system_stm32f0xx.o
LOAD ./Application/User/main.o
LOAD ./Application/User/stm32f0xx_hal_msp.o
LOAD ./Application/User/stm32f0xx_it.o
LOAD ./Application/SW4STM32/startup_stm32f072xb.o
START GROUP
LOAD c:/ac6/systemworkbench/plugins/fr.ac6.mcu.externaltools.arm-none.win32_1.0.0.201410081102/tools/compiler/bin/../lib/gcc/arm-none-eabi/4.8.4/armv6-m\libgcc.a
LOAD c:/ac6/systemworkbench/plugins/fr.ac6.mcu.externaltools.arm-none.win32_1.0.0.201410081102/tools/compiler/bin/../lib/gcc/arm-none-eabi/4.8.4/../../../../arm-none-eabi/lib/armv6-m\libc.a
END GROUP
LOAD c:/ac6/systemworkbench/plugins/fr.ac6.mcu.externaltools.arm-none.win32_1.0.0.201410081102/tools/compiler/bin/../lib/gcc/arm-none-eabi/4.8.4/armv6-m/crtend.o
LOAD c:/ac6/systemworkbench/plugins/fr.ac6.mcu.externaltools.arm-none.win32_1.0.0.201410081102/tools/compiler/bin/../lib/gcc/arm-none-eabi/4.8.4/armv6-m/crtn.o
                0x20003fff                _estack = 0x20003fff
                0x00000000                _Min_Heap_Size = 0x0
                0x00000000                _Min_Stack_Size = 0x0

.isr_vector     0x08000000       0xc0
                0x08000000                . = ALIGN (0x4)
 *(.isr_vector)
 .isr_vector    0x08000000       0xc0 ./Application/SW4STM32/startup_stm32f072xb.o
                0x08000000                g_pfnVectors
                0x080000c0                . = ALIGN (0x4)

.text           0x080000c0     0x14a8
                0x080000c0                . = ALIGN (0x4)
 *(.text)
 .text          0x080000c0       0x60 c:/ac6/systemworkbench/plugins/fr.ac6.mcu.externaltools.arm-none.win32_1.0.0.201410081102/tools/compiler/bin/../lib/gcc/arm-none-eabi/4.8.4/armv6-m/crtbegin.o
 .text          0x08000120       0x9c c:/ac6/systemworkbench/plugins/fr.ac6.mcu.externaltools.arm-none.win32_1.0.0.201410081102/tools/compiler/bin/../lib/gcc/arm-none-eabi/4.8.4/armv6-m\libgcc.a(_udivsi3.o)
                0x08000120                __aeabi_uidiv
                0x08000120                __udivsi3
                0x080001a8                __aeabi_uidivmod
 .text          0x080001bc        0x4 c:/ac6/systemworkbench/plugins/fr.ac6.mcu.externaltools.arm-none.win32_1.0.0.201410081102/tools/compiler/bin/../lib/gcc/arm-none-eabi/4.8.4/armv6-m\libgcc.a(_dvmd_tls.o)
                0x080001bc                __aeabi_idiv0
                0x080001bc                __aeabi_ldiv0
 *(.text*)
 .text.HAL_Init
                0x080001c0       0x28 ./Drivers/STM32F0xx_HAL_Driver/stm32f0xx_hal.o
                0x080001c0                HAL_Init
 .text.HAL_InitTick
                0x080001e8       0x3c ./Drivers/STM32F0xx_HAL_Driver/stm32f0xx_hal.o
                0x080001e8                HAL_InitTick
 .text.HAL_IncTick
                0x08000224       0x18 ./Drivers/STM32F0xx_HAL_Driver/stm32f0xx_hal.o
                0x08000224                HAL_IncTick
 .text.HAL_GetTick
                0x0800023c       0x14 ./Drivers/STM32F0xx_HAL_Driver/stm32f0xx_hal.o
                0x0800023c                HAL_GetTick
 .text.NVIC_SetPriority
                0x08000250       0xe0 ./Drivers/STM32F0xx_HAL_Driver/stm32f0xx_hal_cortex.o
 .text.SysTick_Config
                0x08000330       0x48 ./Drivers/STM32F0xx_HAL_Driver/stm32f0xx_hal_cortex.o
 .text.HAL_NVIC_SetPriority
                0x08000378       0x2c ./Drivers/STM32F0xx_HAL_Driver/stm32f0xx_hal_cortex.o
                0x08000378                HAL_NVIC_SetPriority
 .text.HAL_SYSTICK_Config
                0x080003a4       0x1c ./Drivers/STM32F0xx_HAL_Driver/stm32f0xx_hal_cortex.o
                0x080003a4                HAL_SYSTICK_Config
 .text.HAL_SYSTICK_IRQHandler
                0x080003c0        0xc ./Drivers/STM32F0xx_HAL_Driver/stm32f0xx_hal_cortex.o
                0x080003c0                HAL_SYSTICK_IRQHandler
 .text.HAL_SYSTICK_Callback
                0x080003cc        0x8 ./Drivers/STM32F0xx_HAL_Driver/stm32f0xx_hal_cortex.o
                0x080003cc                HAL_SYSTICK_Callback
 .text.HAL_GPIO_Init
                0x080003d4      0x304 ./Drivers/STM32F0xx_HAL_Driver/stm32f0xx_hal_gpio.o
                0x080003d4                HAL_GPIO_Init
 .text.HAL_GPIO_WritePin
                0x080006d8       0x34 ./Drivers/STM32F0xx_HAL_Driver/stm32f0xx_hal_gpio.o
                0x080006d8                HAL_GPIO_WritePin
 .text.HAL_RCC_GetHCLKFreq
                0x0800070c       0x34 ./Drivers/STM32F0xx_HAL_Driver/stm32f0xx_hal_rcc.o
                0x0800070c                HAL_RCC_GetHCLKFreq
 .text.HAL_RCC_OscConfig
                0x08000740      0x608 ./Drivers/STM32F0xx_HAL_Driver/stm32f0xx_hal_rcc_ex.o
                0x08000740                HAL_RCC_OscConfig
 .text.HAL_RCC_ClockConfig
                0x08000d48      0x334 ./Drivers/STM32F0xx_HAL_Driver/stm32f0xx_hal_rcc_ex.o
                0x08000d48                HAL_RCC_ClockConfig
 .text.HAL_RCC_GetSysClockFreq
                0x0800107c       0xdc ./Drivers/STM32F0xx_HAL_Driver/stm32f0xx_hal_rcc_ex.o
                0x0800107c                HAL_RCC_GetSysClockFreq
 .text.SystemInit
                0x08001158       0x88 ./Drivers/CMSIS/system_stm32f0xx.o
                0x08001158                SystemInit
 .text.main     0x080011e0       0x5c ./Application/User/main.o
                0x080011e0                main
 .text.SystemClock_Config
                0x0800123c       0x84 ./Application/User/main.o
                0x0800123c                SystemClock_Config
 .text.MX_GPIO_Init
                0x080012c0       0xb4 ./Application/User/main.o
 .text.HAL_MspInit
                0x08001374       0x18 ./Application/User/stm32f0xx_hal_msp.o
                0x08001374                HAL_MspInit
 .text.SysTick_Handler
                0x0800138c       0x10 ./Application/User/stm32f0xx_it.o
                0x0800138c                SysTick_Handler
 .text.Reset_Handler
                0x0800139c       0x50 ./Application/SW4STM32/startup_stm32f072xb.o
                0x0800139c                Reset_Handler
 .text.Default_Handler
                0x080013ec        0x2 ./Application/SW4STM32/startup_stm32f072xb.o
                0x080013ec                TIM1_CC_IRQHandler
                0x080013ec                TSC_IRQHandler
                0x080013ec                HardFault_Handler
                0x080013ec                ADC1_COMP_IRQHandler
                0x080013ec                PendSV_Handler
                0x080013ec                NMI_Handler
                0x080013ec                I2C1_IRQHandler
                0x080013ec                RCC_CRS_IRQHandler
                0x080013ec                SPI1_IRQHandler
                0x080013ec                TIM6_DAC_IRQHandler
                0x080013ec                USART3_4_IRQHandler
                0x080013ec                EXTI2_3_IRQHandler
                0x080013ec                I2C2_IRQHandler
                0x080013ec                TIM17_IRQHandler
                0x080013ec                CEC_CAN_IRQHandler
                0x080013ec                RTC_IRQHandler
                0x080013ec                PVD_VDDIO2_IRQHandler
                0x080013ec                DMA1_Channel4_5_6_7_IRQHandler
                0x080013ec                TIM16_IRQHandler
                0x080013ec                TIM3_IRQHandler
                0x080013ec                EXTI4_15_IRQHandler
                0x080013ec                DMA1_Channel1_IRQHandler
                0x080013ec                Default_Handler
                0x080013ec                TIM14_IRQHandler
                0x080013ec                TIM7_IRQHandler
                0x080013ec                TIM15_IRQHandler
                0x080013ec                EXTI0_1_IRQHandler
                0x080013ec                USB_IRQHandler
                0x080013ec                SPI2_IRQHandler
                0x080013ec                SVC_Handler
                0x080013ec                WWDG_IRQHandler
                0x080013ec                TIM2_IRQHandler
                0x080013ec                DMA1_Channel2_3_IRQHandler
                0x080013ec                USART2_IRQHandler
                0x080013ec                FLASH_IRQHandler
                0x080013ec                USART1_IRQHandler
                0x080013ec                TIM1_BRK_UP_TRG_COM_IRQHandler
 *fill*         0x080013ee        0x2 
 .text.__libc_init_array
                0x080013f0       0x48 c:/ac6/systemworkbench/plugins/fr.ac6.mcu.externaltools.arm-none.win32_1.0.0.201410081102/tools/compiler/bin/../lib/gcc/arm-none-eabi/4.8.4/../../../../arm-none-eabi/lib/armv6-m\libc.a(lib_a-init.o)
                0x080013f0                __libc_init_array
 .text.startup.register_fini
                0x08001438       0x18 c:/ac6/systemworkbench/plugins/fr.ac6.mcu.externaltools.arm-none.win32_1.0.0.201410081102/tools/compiler/bin/../lib/gcc/arm-none-eabi/4.8.4/../../../../arm-none-eabi/lib/armv6-m\libc.a(lib_a-__call_atexit.o)
 .text.atexit   0x08001450       0x10 c:/ac6/systemworkbench/plugins/fr.ac6.mcu.externaltools.arm-none.win32_1.0.0.201410081102/tools/compiler/bin/../lib/gcc/arm-none-eabi/4.8.4/../../../../arm-none-eabi/lib/armv6-m\libc.a(lib_a-atexit.o)
                0x08001450                atexit
 .text.__libc_fini_array
                0x08001460       0x30 c:/ac6/systemworkbench/plugins/fr.ac6.mcu.externaltools.arm-none.win32_1.0.0.201410081102/tools/compiler/bin/../lib/gcc/arm-none-eabi/4.8.4/../../../../arm-none-eabi/lib/armv6-m\libc.a(lib_a-fini.o)
                0x08001460                __libc_fini_array
 .text.__register_exitproc
                0x08001490       0xc0 c:/ac6/systemworkbench/plugins/fr.ac6.mcu.externaltools.arm-none.win32_1.0.0.201410081102/tools/compiler/bin/../lib/gcc/arm-none-eabi/4.8.4/../../../../arm-none-eabi/lib/armv6-m\libc.a(lib_a-__atexit.o)
                0x08001490                __register_exitproc
 *(.glue_7)
 .glue_7        0x00000000        0x0 linker stubs
 *(.glue_7t)
 .glue_7t       0x00000000        0x0 linker stubs
 *(.eh_frame)
 .eh_frame      0x08001550        0x0 c:/ac6/systemworkbench/plugins/fr.ac6.mcu.externaltools.arm-none.win32_1.0.0.201410081102/tools/compiler/bin/../lib/gcc/arm-none-eabi/4.8.4/armv6-m/crtbegin.o
 *(.init)
 .init          0x08001550        0x4 c:/ac6/systemworkbench/plugins/fr.ac6.mcu.externaltools.arm-none.win32_1.0.0.201410081102/tools/compiler/bin/../lib/gcc/arm-none-eabi/4.8.4/armv6-m/crti.o
                0x08001550                _init
 .init          0x08001554        0x8 c:/ac6/systemworkbench/plugins/fr.ac6.mcu.externaltools.arm-none.win32_1.0.0.201410081102/tools/compiler/bin/../lib/gcc/arm-none-eabi/4.8.4/armv6-m/crtn.o
 *(.fini)
 .fini          0x0800155c        0x4 c:/ac6/systemworkbench/plugins/fr.ac6.mcu.externaltools.arm-none.win32_1.0.0.201410081102/tools/compiler/bin/../lib/gcc/arm-none-eabi/4.8.4/armv6-m/crti.o
                0x0800155c                _fini
 .fini          0x08001560        0x8 c:/ac6/systemworkbench/plugins/fr.ac6.mcu.externaltools.arm-none.win32_1.0.0.201410081102/tools/compiler/bin/../lib/gcc/arm-none-eabi/4.8.4/armv6-m/crtn.o
                0x08001568                . = ALIGN (0x4)
                0x08001568                _etext = .

.vfp11_veneer   0x08001568        0x0
 .vfp11_veneer  0x00000000        0x0 linker stubs

.v4_bx          0x08001568        0x0
 .v4_bx         0x00000000        0x0 linker stubs

.iplt           0x08001568        0x0
 .iplt          0x00000000        0x0 c:/ac6/systemworkbench/plugins/fr.ac6.mcu.externaltools.arm-none.win32_1.0.0.201410081102/tools/compiler/bin/../lib/gcc/arm-none-eabi/4.8.4/armv6-m/crtbegin.o

.rodata         0x08001568       0x38
                0x08001568                . = ALIGN (0x4)
 *(.rodata)
 .rodata        0x08001568       0x10 ./Drivers/STM32F0xx_HAL_Driver/stm32f0xx_hal_rcc.o
                0x08001568                APBAHBPrescTable
 .rodata        0x08001578       0x20 ./Drivers/STM32F0xx_HAL_Driver/stm32f0xx_hal_rcc_ex.o
                0x08001578                PLLMULFactorTable
                0x08001588                PredivFactorTable
 *(.rodata*)
 .rodata.str1.4
                0x08001598        0x4 c:/ac6/systemworkbench/plugins/fr.ac6.mcu.externaltools.arm-none.win32_1.0.0.201410081102/tools/compiler/bin/../lib/gcc/arm-none-eabi/4.8.4/../../../../arm-none-eabi/lib/armv6-m\libc.a(lib_a-impure.o)
 .rodata._global_impure_ptr
                0x0800159c        0x4 c:/ac6/systemworkbench/plugins/fr.ac6.mcu.externaltools.arm-none.win32_1.0.0.201410081102/tools/compiler/bin/../lib/gcc/arm-none-eabi/4.8.4/../../../../arm-none-eabi/lib/armv6-m\libc.a(lib_a-impure.o)
                0x0800159c                _global_impure_ptr
                0x080015a0                . = ALIGN (0x4)

.rel.dyn        0x080015a0        0x0
 .rel.iplt      0x00000000        0x0 c:/ac6/systemworkbench/plugins/fr.ac6.mcu.externaltools.arm-none.win32_1.0.0.201410081102/tools/compiler/bin/../lib/gcc/arm-none-eabi/4.8.4/armv6-m/crtbegin.o

.ARM.extab
 *(.ARM.extab* .gnu.linkonce.armextab.*)

.ARM            0x080015a0        0x0
                0x080015a0                __exidx_start = .
 *(.ARM.exidx*)
                0x080015a0                __exidx_end = .

.preinit_array  0x080015a0        0x0
                0x080015a0                PROVIDE (__preinit_array_start, .)
 *(.preinit_array*)
                0x080015a0                PROVIDE (__preinit_array_end, .)

.init_array     0x080015a0        0x8
                0x080015a0                PROVIDE (__init_array_start, .)
 *(SORT(.init_array.*))
 .init_array.00000
                0x080015a0        0x4 c:/ac6/systemworkbench/plugins/fr.ac6.mcu.externaltools.arm-none.win32_1.0.0.201410081102/tools/compiler/bin/../lib/gcc/arm-none-eabi/4.8.4/../../../../arm-none-eabi/lib/armv6-m\libc.a(lib_a-__call_atexit.o)
 *(.init_array*)
 .init_array    0x080015a4        0x4 c:/ac6/systemworkbench/plugins/fr.ac6.mcu.externaltools.arm-none.win32_1.0.0.201410081102/tools/compiler/bin/../lib/gcc/arm-none-eabi/4.8.4/armv6-m/crtbegin.o
                0x080015a8                PROVIDE (__init_array_end, .)

.fini_array     0x080015a8        0x4
                0x080015a8                PROVIDE (__fini_array_start, .)
 *(SORT(.fini_array.*))
 *(.fini_array*)
 .fini_array    0x080015a8        0x4 c:/ac6/systemworkbench/plugins/fr.ac6.mcu.externaltools.arm-none.win32_1.0.0.201410081102/tools/compiler/bin/../lib/gcc/arm-none-eabi/4.8.4/armv6-m/crtbegin.o
                0x080015ac                PROVIDE (__fini_array_end, .)
                0x080015ac                _sidata = LOADADDR (.data)

.data           0x20000000      0x440 load address 0x080015ac
                0x20000000                . = ALIGN (0x4)
                0x20000000                _sdata = .
 *(.data)
 .data          0x20000000       0x14 ./Drivers/CMSIS/system_stm32f0xx.o
                0x20000000                SystemCoreClock
                0x20000004                AHBPrescTable
 *(.data*)
 *fill*         0x20000014        0x4 
 .data.impure_data
                0x20000018      0x428 c:/ac6/systemworkbench/plugins/fr.ac6.mcu.externaltools.arm-none.win32_1.0.0.201410081102/tools/compiler/bin/../lib/gcc/arm-none-eabi/4.8.4/../../../../arm-none-eabi/lib/armv6-m\libc.a(lib_a-impure.o)
                0x20000440                . = ALIGN (0x4)
                0x20000440                _edata = .

.jcr            0x20000440        0x0 load address 0x080019ec
 .jcr           0x20000440        0x0 c:/ac6/systemworkbench/plugins/fr.ac6.mcu.externaltools.arm-none.win32_1.0.0.201410081102/tools/compiler/bin/../lib/gcc/arm-none-eabi/4.8.4/armv6-m/crtbegin.o

.igot.plt       0x20000440        0x0 load address 0x080019ec
 .igot.plt      0x00000000        0x0 c:/ac6/systemworkbench/plugins/fr.ac6.mcu.externaltools.arm-none.win32_1.0.0.201410081102/tools/compiler/bin/../lib/gcc/arm-none-eabi/4.8.4/armv6-m/crtbegin.o
                0x20000440                . = ALIGN (0x4)

.bss            0x20000440       0x20 load address 0x080019ec
                0x20000440                _sbss = .
                0x20000440                __bss_start__ = _sbss
 *(.bss)
 .bss           0x20000440       0x1c c:/ac6/systemworkbench/plugins/fr.ac6.mcu.externaltools.arm-none.win32_1.0.0.201410081102/tools/compiler/bin/../lib/gcc/arm-none-eabi/4.8.4/armv6-m/crtbegin.o
 .bss           0x2000045c        0x4 ./Drivers/STM32F0xx_HAL_Driver/stm32f0xx_hal.o
 *(.bss*)
 *(COMMON)
                0x20000460                . = ALIGN (0x4)
                0x20000460                _ebss = .
                0x20000460                __bss_end__ = _ebss

._user_heap_stack
                0x20000460        0x0 load address 0x080019ec
                0x20000460                . = ALIGN (0x4)
                0x20000460                PROVIDE (end, .)
                0x20000460                PROVIDE (_end, .)
                0x20000460                . = (. + _Min_Heap_Size)
                0x20000460                . = (. + _Min_Stack_Size)
                0x20000460                . = ALIGN (0x4)

/DISCARD/
 libc.a(*)
 libm.a(*)
 libgcc.a(*)

.ARM.attributes
                0x00000000       0x28
 *(.ARM.attributes)
 .ARM.attributes
                0x00000000       0x1e c:/ac6/systemworkbench/plugins/fr.ac6.mcu.externaltools.arm-none.win32_1.0.0.201410081102/tools/compiler/bin/../lib/gcc/arm-none-eabi/4.8.4/armv6-m/crti.o
 .ARM.attributes
                0x0000001e       0x2c c:/ac6/systemworkbench/plugins/fr.ac6.mcu.externaltools.arm-none.win32_1.0.0.201410081102/tools/compiler/bin/../lib/gcc/arm-none-eabi/4.8.4/armv6-m/crtbegin.o
 .ARM.attributes
                0x0000004a       0x31 ./Drivers/STM32F0xx_HAL_Driver/stm32f0xx_hal.o
 .ARM.attributes
                0x0000007b       0x31 ./Drivers/STM32F0xx_HAL_Driver/stm32f0xx_hal_cortex.o
 .ARM.attributes
                0x000000ac       0x31 ./Drivers/STM32F0xx_HAL_Driver/stm32f0xx_hal_gpio.o
 .ARM.attributes
                0x000000dd       0x31 ./Drivers/STM32F0xx_HAL_Driver/stm32f0xx_hal_rcc.o
 .ARM.attributes
                0x0000010e       0x31 ./Drivers/STM32F0xx_HAL_Driver/stm32f0xx_hal_rcc_ex.o
 .ARM.attributes
                0x0000013f       0x31 ./Drivers/CMSIS/system_stm32f0xx.o
 .ARM.attributes
                0x00000170       0x31 ./Application/User/main.o
 .ARM.attributes
                0x000001a1       0x31 ./Application/User/stm32f0xx_hal_msp.o
 .ARM.attributes
                0x000001d2       0x31 ./Application/User/stm32f0xx_it.o
 .ARM.attributes
                0x00000203       0x21 ./Application/SW4STM32/startup_stm32f072xb.o
 .ARM.attributes
                0x00000224       0x1e c:/ac6/systemworkbench/plugins/fr.ac6.mcu.externaltools.arm-none.win32_1.0.0.201410081102/tools/compiler/bin/../lib/gcc/arm-none-eabi/4.8.4/armv6-m\libgcc.a(_udivsi3.o)
 .ARM.attributes
                0x00000242       0x1e c:/ac6/systemworkbench/plugins/fr.ac6.mcu.externaltools.arm-none.win32_1.0.0.201410081102/tools/compiler/bin/../lib/gcc/arm-none-eabi/4.8.4/armv6-m\libgcc.a(_dvmd_tls.o)
 .ARM.attributes
                0x00000260       0x2c c:/ac6/systemworkbench/plugins/fr.ac6.mcu.externaltools.arm-none.win32_1.0.0.201410081102/tools/compiler/bin/../lib/gcc/arm-none-eabi/4.8.4/../../../../arm-none-eabi/lib/armv6-m\libc.a(lib_a-impure.o)
 .ARM.attributes
                0x0000028c       0x2c c:/ac6/systemworkbench/plugins/fr.ac6.mcu.externaltools.arm-none.win32_1.0.0.201410081102/tools/compiler/bin/../lib/gcc/arm-none-eabi/4.8.4/../../../../arm-none-eabi/lib/armv6-m\libc.a(lib_a-init.o)
 .ARM.attributes
                0x000002b8       0x2c c:/ac6/systemworkbench/plugins/fr.ac6.mcu.externaltools.arm-none.win32_1.0.0.201410081102/tools/compiler/bin/../lib/gcc/arm-none-eabi/4.8.4/../../../../arm-none-eabi/lib/armv6-m\libc.a(lib_a-__call_atexit.o)
 .ARM.attributes
                0x000002e4       0x2c c:/ac6/systemworkbench/plugins/fr.ac6.mcu.externaltools.arm-none.win32_1.0.0.201410081102/tools/compiler/bin/../lib/gcc/arm-none-eabi/4.8.4/../../../../arm-none-eabi/lib/armv6-m\libc.a(lib_a-atexit.o)
 .ARM.attributes
                0x00000310       0x2c c:/ac6/systemworkbench/plugins/fr.ac6.mcu.externaltools.arm-none.win32_1.0.0.201410081102/tools/compiler/bin/../lib/gcc/arm-none-eabi/4.8.4/../../../../arm-none-eabi/lib/armv6-m\libc.a(lib_a-fini.o)
 .ARM.attributes
                0x0000033c       0x2c c:/ac6/systemworkbench/plugins/fr.ac6.mcu.externaltools.arm-none.win32_1.0.0.201410081102/tools/compiler/bin/../lib/gcc/arm-none-eabi/4.8.4/../../../../arm-none-eabi/lib/armv6-m\libc.a(lib_a-__atexit.o)
 .ARM.attributes
                0x00000368       0x1e c:/ac6/systemworkbench/plugins/fr.ac6.mcu.externaltools.arm-none.win32_1.0.0.201410081102/tools/compiler/bin/../lib/gcc/arm-none-eabi/4.8.4/armv6-m/crtn.o
OUTPUT(wongboard Configuration.elf elf32-littlearm)

.comment        0x00000000       0x70
 .comment       0x00000000       0x70 ./Drivers/STM32F0xx_HAL_Driver/stm32f0xx_hal.o
                                 0x71 (size before relaxing)
 .comment       0x00000000       0x71 ./Drivers/STM32F0xx_HAL_Driver/stm32f0xx_hal_cortex.o
 .comment       0x00000000       0x71 ./Drivers/STM32F0xx_HAL_Driver/stm32f0xx_hal_gpio.o
 .comment       0x00000000       0x71 ./Drivers/STM32F0xx_HAL_Driver/stm32f0xx_hal_rcc.o
 .comment       0x00000000       0x71 ./Drivers/STM32F0xx_HAL_Driver/stm32f0xx_hal_rcc_ex.o
 .comment       0x00000000       0x71 ./Drivers/CMSIS/system_stm32f0xx.o
 .comment       0x00000000       0x71 ./Application/User/main.o
 .comment       0x00000000       0x71 ./Application/User/stm32f0xx_hal_msp.o
 .comment       0x00000000       0x71 ./Application/User/stm32f0xx_it.o

.debug_line     0x00000000       0xc7
 .debug_line    0x00000000       0xc7 ./Application/SW4STM32/startup_stm32f072xb.o

.debug_info     0x00000000       0xca
 .debug_info    0x00000000       0xca ./Application/SW4STM32/startup_stm32f072xb.o

.debug_abbrev   0x00000000       0x12
 .debug_abbrev  0x00000000       0x12 ./Application/SW4STM32/startup_stm32f072xb.o

.debug_aranges  0x00000000       0x28
 .debug_aranges
                0x00000000       0x28 ./Application/SW4STM32/startup_stm32f072xb.o

.debug_ranges   0x00000000       0x20
 .debug_ranges  0x00000000       0x20 ./Application/SW4STM32/startup_stm32f072xb.o

.debug_frame    0x00000000      0x12c
 .debug_frame   0x00000000       0x20 c:/ac6/systemworkbench/plugins/fr.ac6.mcu.externaltools.arm-none.win32_1.0.0.201410081102/tools/compiler/bin/../lib/gcc/arm-none-eabi/4.8.4/armv6-m\libgcc.a(_udivsi3.o)
 .debug_frame   0x00000020       0x2c c:/ac6/systemworkbench/plugins/fr.ac6.mcu.externaltools.arm-none.win32_1.0.0.201410081102/tools/compiler/bin/../lib/gcc/arm-none-eabi/4.8.4/../../../../arm-none-eabi/lib/armv6-m\libc.a(lib_a-init.o)
 .debug_frame   0x0000004c       0x54 c:/ac6/systemworkbench/plugins/fr.ac6.mcu.externaltools.arm-none.win32_1.0.0.201410081102/tools/compiler/bin/../lib/gcc/arm-none-eabi/4.8.4/../../../../arm-none-eabi/lib/armv6-m\libc.a(lib_a-__call_atexit.o)
 .debug_frame   0x000000a0       0x28 c:/ac6/systemworkbench/plugins/fr.ac6.mcu.externaltools.arm-none.win32_1.0.0.201410081102/tools/compiler/bin/../lib/gcc/arm-none-eabi/4.8.4/../../../../arm-none-eabi/lib/armv6-m\libc.a(lib_a-atexit.o)
 .debug_frame   0x000000c8       0x2c c:/ac6/systemworkbench/plugins/fr.ac6.mcu.externaltools.arm-none.win32_1.0.0.201410081102/tools/compiler/bin/../lib/gcc/arm-none-eabi/4.8.4/../../../../arm-none-eabi/lib/armv6-m\libc.a(lib_a-fini.o)
 .debug_frame   0x000000f4       0x38 c:/ac6/systemworkbench/plugins/fr.ac6.mcu.externaltools.arm-none.win32_1.0.0.201410081102/tools/compiler/bin/../lib/gcc/arm-none-eabi/4.8.4/../../../../arm-none-eabi/lib/armv6-m\libc.a(lib_a-__atexit.o)
